Analysis & Synthesis report for LED
Fri Apr 19 20:40:32 2019
Quartus II Version 9.0 Build 132 02/25/2009 SJ Full Version


---------------------
; Table of Contents ;
---------------------
  1. Legal Notice
  2. Analysis & Synthesis Summary
  3. Analysis & Synthesis Settings
  4. Analysis & Synthesis Source Files Read
  5. Analysis & Synthesis Resource Usage Summary
  6. Analysis & Synthesis Resource Utilization by Entity
  7. User-Specified and Inferred Latches
  8. General Register Statistics
  9. Inverted Register Statistics
 10. Source assignments for lpm_add_sub:Add1|addcore:adder
 11. Parameter Settings for Inferred Entity Instance: lpm_add_sub:Add1
 12. Analysis & Synthesis Messages



----------------
; Legal Notice ;
----------------
Copyright (C) 1991-2009 Altera Corporation
Your use of Altera Corporation's design tools, logic functions 
and other software and tools, and its AMPP partner logic 
functions, and any output files from any of the foregoing 
(including device programming or simulation files), and any 
associated documentation or information are expressly subject 
to the terms and conditions of the Altera Program License 
Subscription Agreement, Altera MegaCore Function License 
Agreement, or other applicable license agreement, including, 
without limitation, that your use is for the sole purpose of 
programming logic devices manufactured by Altera and sold by 
Altera or its authorized distributors.  Please refer to the 
applicable agreement for further details.



+------------------------------------------------------------------------+
; Analysis & Synthesis Summary                                           ;
+-----------------------------+------------------------------------------+
; Analysis & Synthesis Status ; Successful - Fri Apr 19 20:40:32 2019    ;
; Quartus II Version          ; 9.0 Build 132 02/25/2009 SJ Full Version ;
; Revision Name               ; LED                                      ;
; Top-level Entity Name       ; LED                                      ;
; Family                      ; FLEX10K                                  ;
; Total logic elements        ; 236                                      ;
; Total pins                  ; 25                                       ;
; Total memory bits           ; 0                                        ;
+-----------------------------+------------------------------------------+


+--------------------------------------------------------------------------------------------------+
; Analysis & Synthesis Settings                                                                    ;
+----------------------------------------------------------------+-----------------+---------------+
; Option                                                         ; Setting         ; Default Value ;
+----------------------------------------------------------------+-----------------+---------------+
; Device                                                         ; EPF10K20TC144-4 ;               ;
; Top-level entity name                                          ; LED             ; LED           ;
; Family name                                                    ; FLEX10K         ; Stratix II    ;
; Use Generated Physical Constraints File                        ; Off             ;               ;
; Use smart compilation                                          ; Off             ; Off           ;
; Create Debugging Nodes for IP Cores                            ; Off             ; Off           ;
; Preserve fewer node names                                      ; On              ; On            ;
; Disable OpenCore Plus hardware evaluation                      ; Off             ; Off           ;
; Verilog Version                                                ; Verilog_2001    ; Verilog_2001  ;
; VHDL Version                                                   ; VHDL93          ; VHDL93        ;
; State Machine Processing                                       ; Auto            ; Auto          ;
; Safe State Machine                                             ; Off             ; Off           ;
; Extract Verilog State Machines                                 ; On              ; On            ;
; Extract VHDL State Machines                                    ; On              ; On            ;
; Ignore Verilog initial constructs                              ; Off             ; Off           ;
; Iteration limit for constant Verilog loops                     ; 5000            ; 5000          ;
; Iteration limit for non-constant Verilog loops                 ; 250             ; 250           ;
; Add Pass-Through Logic to Inferred RAMs                        ; On              ; On            ;
; Parallel Synthesis                                             ; Off             ; Off           ;
; NOT Gate Push-Back                                             ; On              ; On            ;
; Power-Up Don't Care                                            ; On              ; On            ;
; Remove Redundant Logic Cells                                   ; Off             ; Off           ;
; Remove Duplicate Registers                                     ; On              ; On            ;
; Ignore CARRY Buffers                                           ; Off             ; Off           ;
; Ignore CASCADE Buffers                                         ; Off             ; Off           ;
; Ignore GLOBAL Buffers                                          ; Off             ; Off           ;
; Ignore ROW GLOBAL Buffers                                      ; Off             ; Off           ;
; Ignore LCELL Buffers                                           ; Off             ; Off           ;
; Ignore SOFT Buffers                                            ; On              ; On            ;
; Limit AHDL Integers to 32 Bits                                 ; Off             ; Off           ;
; Auto Implement in ROM                                          ; Off             ; Off           ;
; Optimization Technique                                         ; Area            ; Area          ;
; Carry Chain Length                                             ; 32              ; 32            ;
; Cascade Chain Length                                           ; 2               ; 2             ;
; Auto Carry Chains                                              ; On              ; On            ;
; Auto Open-Drain Pins                                           ; On              ; On            ;
; Auto ROM Replacement                                           ; On              ; On            ;
; Auto RAM Replacement                                           ; On              ; On            ;
; Auto Clock Enable Replacement                                  ; On              ; On            ;
; Strict RAM Replacement                                         ; Off             ; Off           ;
; Auto Resource Sharing                                          ; Off             ; Off           ;
; Allow Any RAM Size For Recognition                             ; Off             ; Off           ;
; Allow Any ROM Size For Recognition                             ; Off             ; Off           ;
; Use LogicLock Constraints during Resource Balancing            ; On              ; On            ;
; Ignore translate_off and synthesis_off directives              ; Off             ; Off           ;
; Show Parameter Settings Tables in Synthesis Report             ; On              ; On            ;
; HDL message level                                              ; Level2          ; Level2        ;
; Suppress Register Optimization Related Messages                ; Off             ; Off           ;
; Number of Removed Registers Reported in Synthesis Report       ; 100             ; 100           ;
; Number of Inverted Registers Reported in Synthesis Report      ; 100             ; 100           ;
; Block Design Naming                                            ; Auto            ; Auto          ;
; Synthesis Effort                                               ; Auto            ; Auto          ;
; Allows Asynchronous Clear Usage For Shift Register Replacement ; On              ; On            ;
; Analysis & Synthesis Message Level                             ; Medium          ; Medium        ;
+----------------------------------------------------------------+-----------------+---------------+


+-----------------------------------------------------------------------------------------------------------------------------------------------------------+
; Analysis & Synthesis Source Files Read                                                                                                                    ;
+----------------------------------+-----------------+-----------------+------------------------------------------------------------------------------------+
; File Name with User-Entered Path ; Used in Netlist ; File Type       ; File Name with Absolute Path                                                       ;
+----------------------------------+-----------------+-----------------+------------------------------------------------------------------------------------+
; LED.VHD                          ; yes             ; User VHDL File  ; E:/Code/Quartus 2/LED/LED.VHD                                                      ;
; lpm_add_sub.tdf                  ; yes             ; Megafunction    ; d:/program files/quartus 2/quartus/libraries/megafunctions/lpm_add_sub.tdf         ;
; addcore.inc                      ; yes             ; Megafunction    ; d:/program files/quartus 2/quartus/libraries/megafunctions/addcore.inc             ;
; look_add.inc                     ; yes             ; Megafunction    ; d:/program files/quartus 2/quartus/libraries/megafunctions/look_add.inc            ;
; bypassff.inc                     ; yes             ; Megafunction    ; d:/program files/quartus 2/quartus/libraries/megafunctions/bypassff.inc            ;
; altshift.inc                     ; yes             ; Megafunction    ; d:/program files/quartus 2/quartus/libraries/megafunctions/altshift.inc            ;
; alt_stratix_add_sub.inc          ; yes             ; Megafunction    ; d:/program files/quartus 2/quartus/libraries/megafunctions/alt_stratix_add_sub.inc ;
; alt_mercury_add_sub.inc          ; yes             ; Megafunction    ; d:/program files/quartus 2/quartus/libraries/megafunctions/alt_mercury_add_sub.inc ;
; aglobal90.inc                    ; yes             ; Megafunction    ; d:/program files/quartus 2/quartus/libraries/megafunctions/aglobal90.inc           ;
; addcore.tdf                      ; yes             ; Megafunction    ; d:/program files/quartus 2/quartus/libraries/megafunctions/addcore.tdf             ;
; a_csnbuffer.inc                  ; yes             ; Megafunction    ; d:/program files/quartus 2/quartus/libraries/megafunctions/a_csnbuffer.inc         ;
; a_csnbuffer.tdf                  ; yes             ; Megafunction    ; d:/program files/quartus 2/quartus/libraries/megafunctions/a_csnbuffer.tdf         ;
; altshift.tdf                     ; yes             ; Megafunction    ; d:/program files/quartus 2/quartus/libraries/megafunctions/altshift.tdf            ;
+----------------------------------+-----------------+-----------------+------------------------------------------------------------------------------------+


+---------------------------------------------+
; Analysis & Synthesis Resource Usage Summary ;
+-----------------------------------+---------+
; Resource                          ; Usage   ;
+-----------------------------------+---------+
; Total logic elements              ; 236     ;
; Total combinational functions     ; 234     ;
;     -- Total 4-input functions    ; 155     ;
;     -- Total 3-input functions    ; 43      ;
;     -- Total 2-input functions    ; 31      ;
;     -- Total 1-input functions    ; 5       ;
;     -- Total 0-input functions    ; 0       ;
; Total registers                   ; 8       ;
; Total logic cells in carry chains ; 4       ;
; I/O pins                          ; 25      ;
; Maximum fan-out node              ; COU[2]  ;
; Maximum fan-out                   ; 79      ;
; Total fan-out                     ; 864     ;
; Average fan-out                   ; 3.31    ;
+-----------------------------------+---------+


+--------------------------------------------------------------------------------------------------------------------------------------------------------------------------------------------------------------------------------------------------------+
; Analysis & Synthesis Resource Utilization by Entity                                                                                                                                                                                                    ;
+------------------------------------+-------------+--------------+-------------+------+--------------+-------------------+------------------+-----------------+------------+-------------------------------------------------------------+--------------+
; Compilation Hierarchy Node         ; Logic Cells ; LC Registers ; Memory Bits ; Pins ; LUT-Only LCs ; Register-Only LCs ; LUT/Register LCs ; Carry Chain LCs ; Packed LCs ; Full Hierarchy Name                                         ; Library Name ;
+------------------------------------+-------------+--------------+-------------+------+--------------+-------------------+------------------+-----------------+------------+-------------------------------------------------------------+--------------+
; |LED                               ; 236 (232)   ; 8            ; 0           ; 25   ; 228 (224)    ; 2 (2)             ; 6 (6)            ; 4 (0)           ; 0 (0)      ; |LED                                                        ; work         ;
;    |lpm_add_sub:Add1|              ; 4 (0)       ; 0            ; 0           ; 0    ; 4 (0)        ; 0 (0)             ; 0 (0)            ; 4 (0)           ; 0 (0)      ; |LED|lpm_add_sub:Add1                                       ; work         ;
;       |addcore:adder|              ; 4 (1)       ; 0            ; 0           ; 0    ; 4 (1)        ; 0 (0)             ; 0 (0)            ; 4 (1)           ; 0 (0)      ; |LED|lpm_add_sub:Add1|addcore:adder                         ; work         ;
;          |a_csnbuffer:result_node| ; 3 (3)       ; 0            ; 0           ; 0    ; 3 (3)        ; 0 (0)             ; 0 (0)            ; 3 (3)           ; 0 (0)      ; |LED|lpm_add_sub:Add1|addcore:adder|a_csnbuffer:result_node ; work         ;
+------------------------------------+-------------+--------------+-------------+------+--------------+-------------------+------------------+-----------------+------------+-------------------------------------------------------------+--------------+
Note: For table entries with two numbers listed, the numbers in parentheses indicate the number of resources of the given type used by the specific entity alone. The numbers listed outside of parentheses indicate the total resources of the given type used by the specific entity and all of its sub-entities in the hierarchy.


+----------------------------------------------------------------------------------------------------+
; User-Specified and Inferred Latches                                                                ;
+-----------------------------------------------------+---------------------+------------------------+
; Latch Name                                          ; Latch Enable Signal ; Free of Timing Hazards ;
+-----------------------------------------------------+---------------------+------------------------+
; NUMLED[0]$latch                                     ; NUMLED[7]~78        ; yes                    ;
; NUMLED[1]$latch                                     ; NUMLED[7]~78        ; yes                    ;
; NUMLED[2]$latch                                     ; NUMLED[7]~78        ; yes                    ;
; NUMLED[3]$latch                                     ; NUMLED[7]~78        ; yes                    ;
; NUMLED[4]$latch                                     ; NUMLED[7]~78        ; yes                    ;
; NUMLED[5]$latch                                     ; NUMLED[7]~78        ; yes                    ;
; NUMLED[6]$latch                                     ; NUMLED[7]~78        ; yes                    ;
; NUMLED[7]$latch                                     ; NUMLED[7]~78        ; yes                    ;
; OUTLED[0]$latch                                     ; OUTLED[6]~63        ; yes                    ;
; OUTLED[1]$latch                                     ; OUTLED[6]~63        ; yes                    ;
; OUTLED[2]$latch                                     ; OUTLED[6]~63        ; yes                    ;
; OUTLED[3]$latch                                     ; OUTLED[6]~63        ; yes                    ;
; OUTLED[4]$latch                                     ; OUTLED[6]~63        ; yes                    ;
; OUTLED[5]$latch                                     ; OUTLED[6]~63        ; yes                    ;
; OUTLED[6]$latch                                     ; OUTLED[6]~63        ; yes                    ;
; Number of user-specified and inferred latches = 15  ;                     ;                        ;
+-----------------------------------------------------+---------------------+------------------------+
Note: All latches listed above may not be present at the end of synthesis due to various synthesis optimizations.


+------------------------------------------------------+
; General Register Statistics                          ;
+----------------------------------------------+-------+
; Statistic                                    ; Value ;
+----------------------------------------------+-------+
; Total registers                              ; 8     ;
; Number of registers using Synchronous Clear  ; 0     ;
; Number of registers using Synchronous Load   ; 0     ;
; Number of registers using Asynchronous Clear ; 3     ;
; Number of registers using Asynchronous Load  ; 2     ;
; Number of registers using Clock Enable       ; 8     ;
; Number of registers using Preset             ; 0     ;
+----------------------------------------------+-------+


+--------------------------------------------------+
; Inverted Register Statistics                     ;
+----------------------------------------+---------+
; Inverted Register                      ; Fan out ;
+----------------------------------------+---------+
; COU[2]                                 ; 79      ;
; COU[4]                                 ; 42      ;
; Total number of inverted registers = 2 ;         ;
+----------------------------------------+---------+


+-------------------------------------------------------+
; Source assignments for lpm_add_sub:Add1|addcore:adder ;
+---------------------------+-------+------+------------+
; Assignment                ; Value ; From ; To         ;
+---------------------------+-------+------+------------+
; SUPPRESS_DA_RULE_INTERNAL ; A103  ; -    ; -          ;
+---------------------------+-------+------+------------+


+-------------------------------------------------------------------+
; Parameter Settings for Inferred Entity Instance: lpm_add_sub:Add1 ;
+------------------------+-------------+----------------------------+
; Parameter Name         ; Value       ; Type                       ;
+------------------------+-------------+----------------------------+
; LPM_WIDTH              ; 5           ; Untyped                    ;
; LPM_REPRESENTATION     ; UNSIGNED    ; Untyped                    ;
; LPM_DIRECTION          ; ADD         ; Untyped                    ;
; ONE_INPUT_IS_CONSTANT  ; YES         ; Untyped                    ;
; LPM_PIPELINE           ; 0           ; Untyped                    ;
; MAXIMIZE_SPEED         ; 5           ; Untyped                    ;
; REGISTERED_AT_END      ; 0           ; Untyped                    ;
; OPTIMIZE_FOR_SPEED     ; 1           ; Untyped                    ;
; USE_CS_BUFFERS         ; 1           ; Untyped                    ;
; CARRY_CHAIN            ; MANUAL      ; Untyped                    ;
; CARRY_CHAIN_LENGTH     ; 48          ; CARRY_CHAIN_LENGTH         ;
; DEVICE_FAMILY          ; FLEX10K     ; Untyped                    ;
; USE_WYS                ; OFF         ; Untyped                    ;
; STYLE                  ; FAST        ; Untyped                    ;
; CBXI_PARAMETER         ; add_sub_cnh ; Untyped                    ;
; AUTO_CARRY_CHAINS      ; ON          ; AUTO_CARRY                 ;
; IGNORE_CARRY_BUFFERS   ; OFF         ; IGNORE_CARRY               ;
; AUTO_CASCADE_CHAINS    ; ON          ; AUTO_CASCADE               ;
; IGNORE_CASCADE_BUFFERS ; OFF         ; IGNORE_CASCADE             ;
+------------------------+-------------+----------------------------+
Note: In order to hide this table in the UI and the text report file, please set the "Show Parameter Settings Tables in Synthesis Report" option in "Analysis and Synthesis Settings -> More Settings" to "Off".


+-------------------------------+
; Analysis & Synthesis Messages ;
+-------------------------------+
Info: *******************************************************************
Info: Running Quartus II Analysis & Synthesis
    Info: Version 9.0 Build 132 02/25/2009 SJ Full Version
    Info: Processing started: Fri Apr 19 20:40:30 2019
Info: Command: quartus_map --read_settings_files=on --write_settings_files=off LED -c LED
Info: Found 2 design units, including 1 entities, in source file LED.VHD
    Info: Found design unit 1: LED-DISPLAYLED
    Info: Found entity 1: LED
Info: Elaborating entity "LED" for the top level hierarchy
Warning (10492): VHDL Process Statement warning at LED.VHD(43): signal "DISPLAY" is read inside the Process Statement but isn't in the Process Statement's sensitivity list
Warning (10492): VHDL Process Statement warning at LED.VHD(54): signal "DISPLAY" is read inside the Process Statement but isn't in the Process Statement's sensitivity list
Warning (10492): VHDL Process Statement warning at LED.VHD(66): signal "DISPLAY" is read inside the Process Statement but isn't in the Process Statement's sensitivity list
Warning (10492): VHDL Process Statement warning at LED.VHD(81): signal "DISPLAY" is read inside the Process Statement but isn't in the Process Statement's sensitivity list
Warning (10492): VHDL Process Statement warning at LED.VHD(95): signal "DISPLAY" is read inside the Process Statement but isn't in the Process Statement's sensitivity list
Warning (10492): VHDL Process Statement warning at LED.VHD(96): signal "ROTATY" is read inside the Process Statement but isn't in the Process Statement's sensitivity list
Warning (10492): VHDL Process Statement warning at LED.VHD(97): signal "INITLED" is read inside the Process Statement but isn't in the Process Statement's sensitivity list
Warning (10492): VHDL Process Statement warning at LED.VHD(121): signal "INITLED" is read inside the Process Statement but isn't in the Process Statement's sensitivity list
Warning (10492): VHDL Process Statement warning at LED.VHD(135): signal "INITLED" is read inside the Process Statement but isn't in the Process Statement's sensitivity list
Warning (10492): VHDL Process Statement warning at LED.VHD(148): signal "INITLED" is read inside the Process Statement but isn't in the Process Statement's sensitivity list
Warning (10492): VHDL Process Statement warning at LED.VHD(172): signal "INITLED" is read inside the Process Statement but isn't in the Process Statement's sensitivity list
Warning (10492): VHDL Process Statement warning at LED.VHD(186): signal "INITLED" is read inside the Process Statement but isn't in the Process Statement's sensitivity list
Warning (10492): VHDL Process Statement warning at LED.VHD(199): signal "DISPLAY" is read inside the Process Statement but isn't in the Process Statement's sensitivity list
Warning (10492): VHDL Process Statement warning at LED.VHD(200): signal "NUM" is read inside the Process Statement but isn't in the Process Statement's sensitivity list
Warning (10492): VHDL Process Statement warning at LED.VHD(211): signal "DISPLAY" is read inside the Process Statement but isn't in the Process Statement's sensitivity list
Warning (10492): VHDL Process Statement warning at LED.VHD(212): signal "NUM" is read inside the Process Statement but isn't in the Process Statement's sensitivity list
Warning (10631): VHDL Process Statement warning at LED.VHD(52): inferring latch(es) for signal or variable "NUMLED", which holds its previous value in one or more paths through the process
Warning (10631): VHDL Process Statement warning at LED.VHD(52): inferring latch(es) for signal or variable "OUTLED", which holds its previous value in one or more paths through the process
Info (10041): Inferred latch for "OUTLED[0]" at LED.VHD(52)
Info (10041): Inferred latch for "OUTLED[1]" at LED.VHD(52)
Info (10041): Inferred latch for "OUTLED[2]" at LED.VHD(52)
Info (10041): Inferred latch for "OUTLED[3]" at LED.VHD(52)
Info (10041): Inferred latch for "OUTLED[4]" at LED.VHD(52)
Info (10041): Inferred latch for "OUTLED[5]" at LED.VHD(52)
Info (10041): Inferred latch for "OUTLED[6]" at LED.VHD(52)
Info (10041): Inferred latch for "NUMLED[0]" at LED.VHD(52)
Info (10041): Inferred latch for "NUMLED[1]" at LED.VHD(52)
Info (10041): Inferred latch for "NUMLED[2]" at LED.VHD(52)
Info (10041): Inferred latch for "NUMLED[3]" at LED.VHD(52)
Info (10041): Inferred latch for "NUMLED[4]" at LED.VHD(52)
Info (10041): Inferred latch for "NUMLED[5]" at LED.VHD(52)
Info (10041): Inferred latch for "NUMLED[6]" at LED.VHD(52)
Info (10041): Inferred latch for "NUMLED[7]" at LED.VHD(52)
Info: Inferred 1 megafunctions from design logic
    Info: Inferred adder/subtractor megafunction ("lpm_add_sub") from the following logic: "Add1"
Info: Elaborated megafunction instantiation "lpm_add_sub:Add1"
Info: Instantiated megafunction "lpm_add_sub:Add1" with the following parameter:
    Info: Parameter "LPM_WIDTH" = "5"
    Info: Parameter "LPM_DIRECTION" = "ADD"
    Info: Parameter "LPM_REPRESENTATION" = "UNSIGNED"
    Info: Parameter "ONE_INPUT_IS_CONSTANT" = "YES"
Info: Elaborated megafunction instantiation "lpm_add_sub:Add1|addcore:adder", which is child of megafunction instantiation "lpm_add_sub:Add1"
Info: Elaborated megafunction instantiation "lpm_add_sub:Add1|addcore:adder|a_csnbuffer:oflow_node", which is child of megafunction instantiation "lpm_add_sub:Add1"
Info: Elaborated megafunction instantiation "lpm_add_sub:Add1|addcore:adder|a_csnbuffer:result_node", which is child of megafunction instantiation "lpm_add_sub:Add1"
Info: Elaborated megafunction instantiation "lpm_add_sub:Add1|altshift:result_ext_latency_ffs", which is child of megafunction instantiation "lpm_add_sub:Add1"
Info: Elaborated megafunction instantiation "lpm_add_sub:Add1|altshift:carry_ext_latency_ffs", which is child of megafunction instantiation "lpm_add_sub:Add1"
Warning: Latch NUMLED[0]$latch has unsafe behavior
    Warning: Ports D and ENA on the latch are fed by the same signal COU[2]
Warning: Latch NUMLED[1]$latch has unsafe behavior
    Warning: Ports D and ENA on the latch are fed by the same signal COU[2]
Warning: Latch NUMLED[2]$latch has unsafe behavior
    Warning: Ports D and ENA on the latch are fed by the same signal COU[2]
Warning: Latch NUMLED[3]$latch has unsafe behavior
    Warning: Ports D and ENA on the latch are fed by the same signal COU[2]
Warning: Latch NUMLED[4]$latch has unsafe behavior
    Warning: Ports D and ENA on the latch are fed by the same signal COU[2]
Warning: Latch NUMLED[5]$latch has unsafe behavior
    Warning: Ports D and ENA on the latch are fed by the same signal COU[2]
Warning: Latch NUMLED[6]$latch has unsafe behavior
    Warning: Ports D and ENA on the latch are fed by the same signal COU[2]
Warning: Latch NUMLED[7]$latch has unsafe behavior
    Warning: Ports D and ENA on the latch are fed by the same signal COU[2]
Warning: Latch OUTLED[0]$latch has unsafe behavior
    Warning: Ports D and ENA on the latch are fed by the same signal DISPLAY[1]
Warning: Latch OUTLED[1]$latch has unsafe behavior
    Warning: Ports D and ENA on the latch are fed by the same signal DISPLAY[1]
Warning: Latch OUTLED[2]$latch has unsafe behavior
    Warning: Ports D and ENA on the latch are fed by the same signal DISPLAY[1]
Warning: Latch OUTLED[3]$latch has unsafe behavior
    Warning: Ports D and ENA on the latch are fed by the same signal DISPLAY[1]
Warning: Latch OUTLED[4]$latch has unsafe behavior
    Warning: Ports D and ENA on the latch are fed by the same signal DISPLAY[1]
Warning: Latch OUTLED[5]$latch has unsafe behavior
    Warning: Ports D and ENA on the latch are fed by the same signal DISPLAY[1]
Warning: Latch OUTLED[6]$latch has unsafe behavior
    Warning: Ports D and ENA on the latch are fed by the same signal DISPLAY[1]
Info: Implemented 261 device resources after synthesis - the final resource count might be different
    Info: Implemented 10 input pins
    Info: Implemented 15 output pins
    Info: Implemented 236 logic cells
Info: Quartus II Analysis & Synthesis was successful. 0 errors, 48 warnings
    Info: Peak virtual memory: 249 megabytes
    Info: Processing ended: Fri Apr 19 20:40:32 2019
    Info: Elapsed time: 00:00:02
    Info: Total CPU time (on all processors): 00:00:02


